make: Entering directory '/srv/nvkvm-pv/src/guest'
make -C /root/steamos-nvkvm/headers/extracted/usr/lib/modules/6.16.12-valve24.4-1-neptune-616-gfe145653a794/build M=/srv/nvkvm-pv/src/guest NVKVM_GRAPHICS=1 modules
make[1]: Entering directory '/root/steamos-nvkvm/headers/extracted/usr/lib/modules/6.16.12-valve24.4-1-neptune-616-gfe145653a794/build'
make[2]: Entering directory '/srv/nvkvm-pv/src/guest'
warning: the compiler differs from the one used to build the kernel
  The kernel was built by: gcc (GCC) 15.1.1 20250425
  You are using:           gcc (Ubuntu 15.2.0-16ubuntu1) 15.2.0
  CC [M]  nvkvm_main.o
  CC [M]  nvkvm_ioctl.o
  CC [M]  nvkvm_virtio.o
nvkvm_virtio.c:109:31: warning: ‘inflight_alloc’ defined but not used [-Wunused-function]
  109 | static struct nvkvm_inflight *inflight_alloc(struct nvkvm_state *state)
      |                               ^~~~~~~~~~~~~~
  CC [M]  nvkvm_mmap.o
nvkvm_mmap.c:775:5: warning: no previous prototype for ‘nvkvm_cpu_page_migrate’ [-Wmissing-prototypes]
  775 | int nvkvm_cpu_page_migrate(struct nvkvm_fd_ctx *ctx,
      |     ^~~~~~~~~~~~~~~~~~~~~~
  CC [M]  nvkvm_session.o
  CC [M]  nvkvm_hostfile.o
  CC [M]  nvkvm_drm.o
  CC [M]  nvkvm_kms.o
  LD [M]  nvkvm-guest.o
  MODPOST Module.symvers
  CC [M]  nvkvm-guest.mod.o
  CC [M]  .module-common.o
  LD [M]  nvkvm-guest.ko
  BTF [M] nvkvm-guest.ko
/bin/sh: 1: pahole: not found
make[4]: *** [/root/steamos-nvkvm/headers/extracted/usr/lib/modules/6.16.12-valve24.4-1-neptune-616-gfe145653a794/build/scripts/Makefile.modfinal:57: nvkvm-guest.ko] Error 127
make[4]: *** Deleting file 'nvkvm-guest.ko'
make[3]: *** [/root/steamos-nvkvm/headers/extracted/usr/lib/modules/6.16.12-valve24.4-1-neptune-616-gfe145653a794/build/Makefile:1934: modules] Error 2
make[2]: *** [/root/steamos-nvkvm/headers/extracted/usr/lib/modules/6.16.12-valve24.4-1-neptune-616-gfe145653a794/build/Makefile:248: __sub-make] Error 2
make[2]: Leaving directory '/srv/nvkvm-pv/src/guest'
make[1]: *** [Makefile:248: __sub-make] Error 2
make[1]: Leaving directory '/root/steamos-nvkvm/headers/extracted/usr/lib/modules/6.16.12-valve24.4-1-neptune-616-gfe145653a794/build'
make: *** [Makefile:14: all] Error 2
make: Leaving directory '/srv/nvkvm-pv/src/guest'
