INFO: Using patched QEMU at /opt/qemu-nvkvm/bin/qemu-system-x86_64
Starting nvkvm test VM...
QEMU         : /opt/qemu-nvkvm/bin/qemu-system-x86_64
Disk image   : /root/steamos-nvkvm/steamos-nvkvm.qcow2
Seed ISO     : (none)
Repo (9p)    : /srv/nvkvm-pv  →  guest:/mnt/nvkvm  (tag: nvkvm_src)
SSH          : ssh ubuntu@localhost -p 2222

nvkvm: host driver 595.84 → ABI profile 580
qemu-system-x86_64: -device virtio-nvgpu-pci-non-transitional,id=nvkvm0: info: nvkvm: isolate sandbox: namespace
qemu-system-x86_64: -device virtio-nvgpu-pci-non-transitional,id=nvkvm0: info: nvkvm: isolate mode auto -> namespace (strongest rung; clone(CLONE_NEWUSER|...) succeeded)
qemu-system-x86_64: -device virtio-nvgpu-pci-non-transitional,id=nvkvm0: info: nvkvm: GPA width: host MAXPHYADDR 48 bits, guest MAXPHYADDR 48 bits -> using 48 bits (limit 0x1000000000000, 262144 GiB)
qemu-system-x86_64: -device virtio-nvgpu-pci-non-transitional,id=nvkvm0: info: nvkvm: GPA windows: guest RAM top ~0x300000000 (12 GiB), floor 0x4000000000 -> block base 0xdfdbc0000000 size 145 GiB [shm 0xdfdbc0000000, mmap 0xdfdc00000000 +16 GiB, sparse 0xdfe000000000 +128 GiB]
nvkvm present: registered QemuConsole for guest GPU scanout (window display)
[2J[001;001H[=3h[2J[001;001H[2J[001;001H[8;056;240t[2J[001;001H[2J[001;001H[=3h[2J[001;001H[2J[001;001H[8;042;160t[2J[001;001HBdsDxe: loading Boot0002 "UEFI Misc Device" from PciRoot(0x0)/Pci(0x9,0x0)
BdsDxe: starting Boot0002 "UEFI Misc Device" from PciRoot(0x0)/Pci(0x9,0x0)
dummy warnings x2 follow (logging tests): EFI_UNSUPPORTED (3)
test: გამარჯობა Вітаю こんにちは 你好: EFI_INVALID_LANGUAGE (32)
test: dummy error: EFI_INVALID_PARAMETER (2)
console-ex set_state error: 3 (likely harmless)
ChainLoaderEntryFlags: 0x0000000000000000
Booting : PciRoot(0)/Pci(0x9,0x0)/HD(2,GPT,C1C7E615-F0A6-4F7D-988E-C2F06AFED580) \EFI\steamos\grubx64.efi
args in : ""
args out: ""
setting loader command line ""
Storing chained loader partition uuid in EFI var
ChainedLoaderDevicePartUUID: C1C7E615-F0A6-4F7D-988E-C2F06AFED580
nvkvm: DENY ctrl cmd 0x00730102 (not in allowlist / oversize)
nvkvm: DENY ctrl cmd 0x00730102 (not in allowlist / oversize)
nvkvm: DENY ctrl cmd 0x2080220b (not in allowlist / oversize)
nvkvm: DENY ctrl cmd 0x2080220b (not in allowlist / oversize)
nvkvm: DENY ctrl cmd 0x20801115 (not in allowlist / oversize)
nvkvm: DENY ctrl cmd 0xa06f0111 (not in allowlist / oversize)
nvkvm: DENY ctrl cmd 0xa06f0111 (not in allowlist / oversize)
nvkvm: DENY ctrl cmd 0x20801109 (not in allowlist / oversize)
nvkvm: DENY ctrl cmd 0xa06f0109 (not in allowlist / oversize)
nvkvm: DENY ctrl cmd 0xa06c0110 (not in allowlist / oversize)
nvkvm: DENY ctrl cmd 0xa06f0111 (not in allowlist / oversize)
nvkvm: DENY ctrl cmd 0x20801109 (not in allowlist / oversize)
nvkvm: DENY ctrl cmd 0xa06f0109 (not in allowlist / oversize)
nvkvm: DENY ctrl cmd 0xa06f0111 (not in allowlist / oversize)
nvkvm: DENY ctrl cmd 0xa06f0111 (not in allowlist / oversize)
nvkvm: DENY ctrl cmd 0x20801109 (not in allowlist / oversize)
nvkvm: DENY ctrl cmd 0xa06f0109 (not in allowlist / oversize)
nvkvm: DENY ctrl cmd 0xa06c0110 (not in allowlist / oversize)
nvkvm: DENY ctrl cmd 0xa06f0111 (not in allowlist / oversize)
nvkvm: DENY ctrl cmd 0xa06f0111 (not in allowlist / oversize)
nvkvm: DENY ctrl cmd 0xa06f0111 (not in allowlist / oversize)
nvkvm: DENY ctrl cmd 0xa06f0111 (not in allowlist / oversize)
nvkvm: DENY ctrl cmd 0xa06f0111 (not in allowlist / oversize)
nvkvm: DENY ctrl cmd 0x20801109 (not in allowlist / oversize)
nvkvm: DENY ctrl cmd 0xa06f0109 (not in allowlist / oversize)
nvkvm: DENY ctrl cmd 0xa06c0110 (not in allowlist / oversize)
nvkvm: DENY ctrl cmd 0xa06f0111 (not in allowlist / oversize)
nvkvm: DENY ctrl cmd 0xa06f0111 (not in allowlist / oversize)
nvkvm: DENY ctrl cmd 0xa06f0111 (not in allowlist / oversize)
nvkvm: DENY ctrl cmd 0xa06f0111 (not in allowlist / oversize)
nvkvm: DENY ctrl cmd 0xa06f0111 (not in allowlist / oversize)
nvkvm: DENY ctrl cmd 0xa06f0111 (not in allowlist / oversize)
nvkvm: DENY ctrl cmd 0xa06f0111 (not in allowlist / oversize)
nvkvm: DENY ctrl cmd 0xa06f0111 (not in allowlist / oversize)
nvkvm: DENY ctrl cmd 0xa06f0111 (not in allowlist / oversize)
nvkvm: DENY ctrl cmd 0xa06f0111 (not in allowlist / oversize)
nvkvm: DENY ctrl cmd 0xa06f0111 (not in allowlist / oversize)
nvkvm: DENY ctrl cmd 0xa06f0111 (not in allowlist / oversize)
nvkvm: DENY ctrl cmd 0xa06f0111 (not in allowlist / oversize)
nvkvm: DENY ctrl cmd 0xa06f0111 (not in allowlist / oversize)
nvkvm: DENY ctrl cmd 0xa06f0111 (not in allowlist / oversize)
nvkvm: DENY ctrl cmd 0xa06f0111 (not in allowlist / oversize)
nvkvm: DENY ctrl cmd 0xa06f0111 (not in allowlist / oversize)
nvkvm: DENY ctrl cmd 0xa06f0111 (not in allowlist / oversize)
nvkvm: DENY ctrl cmd 0xa06f0111 (not in allowlist / oversize)
nvkvm: DENY ctrl cmd 0xa06f0111 (not in allowlist / oversize)
nvkvm: DENY ctrl cmd 0xa06f0111 (not in allowlist / oversize)
nvkvm: DENY ctrl cmd 0xa06f0111 (not in allowlist / oversize)
nvkvm: DENY ctrl cmd 0xa06f0111 (not in allowlist / oversize)
nvkvm: DENY ctrl cmd 0xa06f0111 (not in allowlist / oversize)
nvkvm: DENY ctrl cmd 0xa06f0111 (not in allowlist / oversize)
nvkvm: DENY ctrl cmd 0xa06f0111 (not in allowlist / oversize)
nvkvm: DENY ctrl cmd 0xa06f0111 (not in allowlist / oversize)
nvkvm: DENY ctrl cmd 0x2080220b (not in allowlist / oversize)
nvkvm: DENY ctrl cmd 0x20801115 (not in allowlist / oversize)
nvkvm: DENY ctrl cmd 0xa06f0111 (not in allowlist / oversize)
nvkvm: DENY ctrl cmd 0xa06f0111 (not in allowlist / oversize)
nvkvm: DENY ctrl cmd 0x20801109 (not in allowlist / oversize)
nvkvm: DENY ctrl cmd 0xa06f0109 (not in allowlist / oversize)
nvkvm: DENY ctrl cmd 0xa06c0110 (not in allowlist / oversize)
nvkvm: DENY ctrl cmd 0xa06f0111 (not in allowlist / oversize)
nvkvm: DENY ctrl cmd 0x20801109 (not in allowlist / oversize)
nvkvm: DENY ctrl cmd 0xa06f0109 (not in allowlist / oversize)
nvkvm: DENY ctrl cmd 0xa06f0111 (not in allowlist / oversize)
nvkvm: DENY ctrl cmd 0xa06f0111 (not in allowlist / oversize)
nvkvm: DENY ctrl cmd 0x20801109 (not in allowlist / oversize)
nvkvm: DENY ctrl cmd 0xa06f0109 (not in allowlist / oversize)
nvkvm: DENY ctrl cmd 0xa06c0110 (not in allowlist / oversize)
nvkvm: DENY ctrl cmd 0xa06f0111 (not in allowlist / oversize)
nvkvm: DENY ctrl cmd 0xa06f0111 (not in allowlist / oversize)
nvkvm: DENY ctrl cmd 0xa06f0111 (not in allowlist / oversize)
nvkvm: DENY ctrl cmd 0xa06f0111 (not in allowlist / oversize)
nvkvm: DENY ctrl cmd 0xa06f0111 (not in allowlist / oversize)
nvkvm: DENY ctrl cmd 0x20801109 (not in allowlist / oversize)
nvkvm: DENY ctrl cmd 0xa06f0109 (not in allowlist / oversize)
nvkvm: DENY ctrl cmd 0xa06c0110 (not in allowlist / oversize)
nvkvm: DENY ctrl cmd 0xa06f0111 (not in allowlist / oversize)
nvkvm: DENY ctrl cmd 0xa06f0111 (not in allowlist / oversize)
nvkvm: DENY ctrl cmd 0xa06f0111 (not in allowlist / oversize)
nvkvm: DENY ctrl cmd 0xa06f0111 (not in allowlist / oversize)
nvkvm: DENY ctrl cmd 0xa06f0111 (not in allowlist / oversize)
nvkvm: DENY ctrl cmd 0xa06f0111 (not in allowlist / oversize)
nvkvm: DENY ctrl cmd 0xa06f0111 (not in allowlist / oversize)
nvkvm: DENY ctrl cmd 0xa06f0111 (not in allowlist / oversize)
nvkvm: DENY ctrl cmd 0xa06f0111 (not in allowlist / oversize)
nvkvm: DENY ctrl cmd 0xa06f0111 (not in allowlist / oversize)
nvkvm: DENY ctrl cmd 0xa06f0111 (not in allowlist / oversize)
nvkvm: DENY ctrl cmd 0xa06f0111 (not in allowlist / oversize)
nvkvm: DENY ctrl cmd 0xa06f0111 (not in allowlist / oversize)
nvkvm: DENY ctrl cmd 0xa06f0111 (not in allowlist / oversize)
nvkvm: DENY ctrl cmd 0xa06f0111 (not in allowlist / oversize)
nvkvm: DENY ctrl cmd 0xa06f0111 (not in allowlist / oversize)
nvkvm: DENY ctrl cmd 0xa06f0111 (not in allowlist / oversize)
nvkvm: DENY ctrl cmd 0xa06f0111 (not in allowlist / oversize)
nvkvm: DENY ctrl cmd 0xa06f0111 (not in allowlist / oversize)
nvkvm: DENY ctrl cmd 0xa06f0111 (not in allowlist / oversize)
nvkvm: DENY ctrl cmd 0xa06f0111 (not in allowlist / oversize)
nvkvm: DENY ctrl cmd 0xa06f0111 (not in allowlist / oversize)
nvkvm: DENY ctrl cmd 0xa06f0111 (not in allowlist / oversize)
nvkvm: DENY ctrl cmd 0xa06f0111 (not in allowlist / oversize)
nvkvm: DENY ctrl cmd 0xa06f0111 (not in allowlist / oversize)
qemu-system-x86_64: terminating on signal 15 from pid 98010 (bash)
