== display=gtk,gl=on vga=none present_mode=auto qcow=/opt/nvkvm-guest/steamOS-nvkvm.qcow2 ==
nvkvm: host driver 595.84 → ABI profile 580
qemu-system-x86_64: -device virtio-nvgpu-pci-non-transitional,id=nvkvm0: info: nvkvm: isolate sandbox: namespace
qemu-system-x86_64: -device virtio-nvgpu-pci-non-transitional,id=nvkvm0: info: nvkvm: isolate mode auto -> namespace (strongest rung; clone(CLONE_NEWUSER|...) succeeded)
qemu-system-x86_64: -device virtio-nvgpu-pci-non-transitional,id=nvkvm0: info: nvkvm: GPA width: host MAXPHYADDR 48 bits, guest MAXPHYADDR 48 bits -> using 48 bits (limit 0x1000000000000, 262144 GiB)
qemu-system-x86_64: -device virtio-nvgpu-pci-non-transitional,id=nvkvm0: info: nvkvm: GPA windows: guest RAM top ~0x400000000 (16 GiB), floor 0x4000000000 -> block base 0xdfdbc0000000 size 145 GiB [shm 0xdfdbc0000000, mmap 0xdfdc00000000 +16 GiB, sparse 0xdfe000000000 +128 GiB]
nvkvm present: registered QemuConsole for guest GPU scanout (window display)
nvkvm present #106: host dma-buf fd=169 1920x1080 pitch=7680 fmt=0x34325241 mod=0x300000000606014 size=8847360 (gem=0x4)

(qemu:52276): Gdk-WARNING **: 20:37:32.810: gdk_gl_context_set_required_version - GL context versions less than 3.2 are not supported.
nvkvm present: display mode = GL zero-copy (host UI renders on NVIDIA: native import); host GL renderer: NVIDIA Corporation / NVIDIA GeForce RTX 4070/PCIe/SSE2
nvkvm disp stats: 1.2 frames/s dropped=0 failed=0 present_mean=3.28ms (total consumed=2 dropped=0 failed=0)
nvkvm disp stats: 44.0 frames/s dropped=0 failed=0 present_mean=0.32ms (total consumed=46 dropped=0 failed=0)
nvkvm disp stats: 60.0 frames/s dropped=0 failed=0 present_mean=0.35ms (total consumed=106 dropped=0 failed=0)
nvkvm disp stats: 59.1 frames/s dropped=0 failed=0 present_mean=0.36ms (total consumed=166 dropped=0 failed=0)
nvkvm disp stats: 50.0 frames/s dropped=0 failed=0 present_mean=0.36ms (total consumed=216 dropped=0 failed=0)
nvkvm disp stats: 16.6 frames/s dropped=0 failed=0 present_mean=0.41ms (total consumed=242 dropped=0 failed=0)
nvkvm disp stats: 16.9 frames/s dropped=0 failed=0 present_mean=0.42ms (total consumed=260 dropped=0 failed=0)
nvkvm disp stats: 2.1 frames/s dropped=0 failed=0 present_mean=0.56ms (total consumed=263 dropped=0 failed=0)
nvkvm disp stats: 18.3 frames/s dropped=0 failed=0 present_mean=0.37ms (total consumed=289 dropped=0 failed=0)
nvkvm disp stats: 0.8 frames/s dropped=0 failed=0 present_mean=0.47ms (total consumed=290 dropped=0 failed=0)
nvkvm disp stats: 37.5 frames/s dropped=0 failed=0 present_mean=0.43ms (total consumed=337 dropped=0 failed=0)
nvkvm disp stats: 57.1 frames/s dropped=0 failed=0 present_mean=0.40ms (total consumed=395 dropped=0 failed=0)
nvkvm: DENY ctrl cmd 0x2080220b (not in allowlist / oversize)
nvkvm disp stats: 5.8 frames/s dropped=0 failed=0 present_mean=0.37ms (total consumed=424 dropped=0 failed=0)
nvkvm: DENY ctrl cmd 0x2080220b (not in allowlist / oversize)
nvkvm: DENY ctrl cmd 0x2080220b (not in allowlist / oversize)
nvkvm: DENY ctrl cmd 0x2080220b (not in allowlist / oversize)
nvkvm: DENY ctrl cmd 0x2080220b (not in allowlist / oversize)
nvkvm disp stats: 0.2 frames/s dropped=0 failed=0 present_mean=0.32ms (total consumed=425 dropped=0 failed=0)
nvkvm disp stats: 7.9 frames/s dropped=0 failed=0 present_mean=0.31ms (total consumed=433 dropped=0 failed=0)
nvkvm disp stats: 59.0 frames/s dropped=0 failed=0 present_mean=0.32ms (total consumed=492 dropped=0 failed=0)
nvkvm disp stats: 60.0 frames/s dropped=0 failed=0 present_mean=0.30ms (total consumed=552 dropped=0 failed=0)
nvkvm disp stats: 60.0 frames/s dropped=0 failed=0 present_mean=0.32ms (total consumed=612 dropped=0 failed=0)
nvkvm disp stats: 36.4 frames/s dropped=0 failed=0 present_mean=0.31ms (total consumed=652 dropped=0 failed=0)
nvkvm disp stats: 2.7 frames/s dropped=0 failed=0 present_mean=0.32ms (total consumed=656 dropped=0 failed=0)
nvkvm disp stats: 2.0 frames/s dropped=0 failed=0 present_mean=0.34ms (total consumed=659 dropped=0 failed=0)
nvkvm disp stats: 2.0 frames/s dropped=0 failed=0 present_mean=0.37ms (total consumed=662 dropped=0 failed=0)
nvkvm disp stats: 2.0 frames/s dropped=0 failed=0 present_mean=0.36ms (total consumed=665 dropped=0 failed=0)
nvkvm disp stats: 2.0 frames/s dropped=0 failed=0 present_mean=0.38ms (total consumed=667 dropped=0 failed=0)
nvkvm disp stats: 2.0 frames/s dropped=0 failed=0 present_mean=0.37ms (total consumed=669 dropped=0 failed=0)
nvkvm disp stats: 2.0 frames/s dropped=0 failed=0 present_mean=0.36ms (total consumed=672 dropped=0 failed=0)
nvkvm disp stats: 2.0 frames/s dropped=0 failed=0 present_mean=0.37ms (total consumed=675 dropped=0 failed=0)
nvkvm disp stats: 2.0 frames/s dropped=0 failed=0 present_mean=0.35ms (total consumed=678 dropped=0 failed=0)
nvkvm disp stats: 2.0 frames/s dropped=0 failed=0 present_mean=0.38ms (total consumed=680 dropped=0 failed=0)
nvkvm disp stats: 2.0 frames/s dropped=0 failed=0 present_mean=0.44ms (total consumed=682 dropped=0 failed=0)
nvkvm disp stats: 2.0 frames/s dropped=0 failed=0 present_mean=2.94ms (total consumed=684 dropped=0 failed=0)
nvkvm disp stats: 2.0 frames/s dropped=0 failed=0 present_mean=0.35ms (total consumed=687 dropped=0 failed=0)
nvkvm disp stats: 2.0 frames/s dropped=0 failed=0 present_mean=0.39ms (total consumed=689 dropped=0 failed=0)
nvkvm disp stats: 2.0 frames/s dropped=0 failed=0 present_mean=0.39ms (total consumed=692 dropped=0 failed=0)
nvkvm disp stats: 2.0 frames/s dropped=0 failed=0 present_mean=0.39ms (total consumed=694 dropped=0 failed=0)
nvkvm disp stats: 3.3 frames/s dropped=0 failed=0 present_mean=0.37ms (total consumed=699 dropped=0 failed=0)
nvkvm disp stats: 2.0 frames/s dropped=0 failed=0 present_mean=0.32ms (total consumed=701 dropped=0 failed=0)
nvkvm disp stats: 2.0 frames/s dropped=0 failed=0 present_mean=0.39ms (total consumed=703 dropped=0 failed=0)
nvkvm disp stats: 2.0 frames/s dropped=0 failed=0 present_mean=0.35ms (total consumed=705 dropped=0 failed=0)
nvkvm disp stats: 2.0 frames/s dropped=0 failed=0 present_mean=0.36ms (total consumed=707 dropped=0 failed=0)
nvkvm disp stats: 2.0 frames/s dropped=0 failed=0 present_mean=0.39ms (total consumed=709 dropped=0 failed=0)
nvkvm disp stats: 2.0 frames/s dropped=0 failed=0 present_mean=0.37ms (total consumed=712 dropped=0 failed=0)
nvkvm disp stats: 2.0 frames/s dropped=0 failed=0 present_mean=0.35ms (total consumed=714 dropped=0 failed=0)
nvkvm disp stats: 2.0 frames/s dropped=0 failed=0 present_mean=0.35ms (total consumed=716 dropped=0 failed=0)
nvkvm disp stats: 2.0 frames/s dropped=0 failed=0 present_mean=0.44ms (total consumed=719 dropped=0 failed=0)
nvkvm disp stats: 2.0 frames/s dropped=0 failed=0 present_mean=0.35ms (total consumed=721 dropped=0 failed=0)
nvkvm disp stats: 2.0 frames/s dropped=0 failed=0 present_mean=0.35ms (total consumed=724 dropped=0 failed=0)
nvkvm disp stats: 1.8 frames/s dropped=0 failed=0 present_mean=0.37ms (total consumed=727 dropped=0 failed=0)
nvkvm disp stats: 2.6 frames/s dropped=0 failed=0 present_mean=0.34ms (total consumed=731 dropped=0 failed=0)
nvkvm disp stats: 5.4 frames/s dropped=0 failed=0 present_mean=0.32ms (total consumed=738 dropped=0 failed=0)
nvkvm disp stats: 2.4 frames/s dropped=0 failed=0 present_mean=0.37ms (total consumed=741 dropped=0 failed=0)
nvkvm disp stats: 5.5 frames/s dropped=0 failed=0 present_mean=0.37ms (total consumed=748 dropped=0 failed=0)
nvkvm disp stats: 4.0 frames/s dropped=0 failed=0 present_mean=0.34ms (total consumed=752 dropped=0 failed=0)
nvkvm disp stats: 2.0 frames/s dropped=0 failed=0 present_mean=0.33ms (total consumed=755 dropped=0 failed=0)
nvkvm disp stats: 2.0 frames/s dropped=0 failed=0 present_mean=0.37ms (total consumed=757 dropped=0 failed=0)
nvkvm disp stats: 2.0 frames/s dropped=0 failed=0 present_mean=0.36ms (total consumed=760 dropped=0 failed=0)
nvkvm disp stats: 2.0 frames/s dropped=0 failed=0 present_mean=0.38ms (total consumed=762 dropped=0 failed=0)
nvkvm disp stats: 2.2 frames/s dropped=0 failed=0 present_mean=0.35ms (total consumed=765 dropped=0 failed=0)
nvkvm: DENY ctrl cmd 0x00730102 (not in allowlist / oversize)
nvkvm: DENY ctrl cmd 0x00730102 (not in allowlist / oversize)
nvkvm disp stats: 2.9 frames/s dropped=0 failed=0 present_mean=0.33ms (total consumed=770 dropped=0 failed=0)
nvkvm: DENY ctrl cmd 0x2080220b (not in allowlist / oversize)
nvkvm disp stats: 5.0 frames/s dropped=0 failed=0 present_mean=0.34ms (total consumed=777 dropped=0 failed=0)
nvkvm disp stats: 3.4 frames/s dropped=0 failed=0 present_mean=0.31ms (total consumed=782 dropped=0 failed=0)
nvkvm disp stats: 9.8 frames/s dropped=0 failed=0 present_mean=0.33ms (total consumed=792 dropped=0 failed=0)
nvkvm disp stats: 3.4 frames/s dropped=0 failed=0 present_mean=0.34ms (total consumed=796 dropped=0 failed=0)
nvkvm disp stats: 5.9 frames/s dropped=0 failed=0 present_mean=0.35ms (total consumed=802 dropped=0 failed=0)
nvkvm: DENY ctrl cmd 0x00730102 (not in allowlist / oversize)
nvkvm: DENY ctrl cmd 0x00730102 (not in allowlist / oversize)
nvkvm disp stats: 6.3 frames/s dropped=0 failed=0 present_mean=0.92ms (total consumed=813 dropped=0 failed=0)
nvkvm disp stats: 0.2 frames/s dropped=0 failed=0 present_mean=0.43ms (total consumed=814 dropped=0 failed=0)
