== display=gtk,gl=on vga=vga present_mode=auto qcow=/opt/nvkvm-guest/steamOS-nvkvm.qcow2 ==
nvkvm: host driver 595.84 → ABI profile 580
qemu-system-x86_64: -device virtio-nvgpu-pci-non-transitional,id=nvkvm0: info: nvkvm: isolate sandbox: namespace
qemu-system-x86_64: -device virtio-nvgpu-pci-non-transitional,id=nvkvm0: info: nvkvm: isolate mode auto -> namespace (strongest rung; clone(CLONE_NEWUSER|...) succeeded)
qemu-system-x86_64: -device virtio-nvgpu-pci-non-transitional,id=nvkvm0: info: nvkvm: GPA width: host MAXPHYADDR 48 bits, guest MAXPHYADDR 48 bits -> using 48 bits (limit 0x1000000000000, 262144 GiB)
qemu-system-x86_64: -device virtio-nvgpu-pci-non-transitional,id=nvkvm0: info: nvkvm: GPA windows: guest RAM top ~0x400000000 (16 GiB), floor 0x4000000000 -> block base 0xdfdbc0000000 size 145 GiB [shm 0xdfdbc0000000, mmap 0xdfdc00000000 +16 GiB, sparse 0xdfe000000000 +128 GiB]
nvkvm present: registered QemuConsole for guest GPU scanout (window display)
nvkvm present #106: host dma-buf fd=166 1920x1080 pitch=7680 fmt=0x34325241 mod=0x300000000606014 size=8847360 (gem=0x4)

(qemu:48325): Gdk-WARNING **: 20:29:50.729: gdk_gl_context_set_required_version - GL context versions less than 3.2 are not supported.
nvkvm present: display mode = GL zero-copy (host UI renders on NVIDIA: native import); host GL renderer: NVIDIA Corporation / NVIDIA GeForce RTX 4070/PCIe/SSE2
nvkvm: guest display is live -- switched window to console page 1
nvkvm disp stats: 1.2 frames/s dropped=0 failed=0 present_mean=3.31ms (total consumed=2 dropped=0 failed=0)
nvkvm disp stats: 43.7 frames/s dropped=0 failed=0 present_mean=0.40ms (total consumed=46 dropped=0 failed=0)
nvkvm disp stats: 60.4 frames/s dropped=0 failed=0 present_mean=0.35ms (total consumed=107 dropped=0 failed=0)
nvkvm disp stats: 59.0 frames/s dropped=0 failed=0 present_mean=0.34ms (total consumed=166 dropped=0 failed=0)
nvkvm disp stats: 53.0 frames/s dropped=0 failed=0 present_mean=0.35ms (total consumed=219 dropped=0 failed=0)
nvkvm disp stats: 13.8 frames/s dropped=0 failed=0 present_mean=0.45ms (total consumed=238 dropped=0 failed=0)
nvkvm disp stats: 17.0 frames/s dropped=0 failed=0 present_mean=0.41ms (total consumed=255 dropped=0 failed=0)
nvkvm disp stats: 5.6 frames/s dropped=0 failed=0 present_mean=0.42ms (total consumed=261 dropped=0 failed=0)
nvkvm disp stats: 16.0 frames/s dropped=0 failed=0 present_mean=0.42ms (total consumed=277 dropped=0 failed=0)
nvkvm disp stats: 10.0 frames/s dropped=0 failed=0 present_mean=0.56ms (total consumed=287 dropped=0 failed=0)
nvkvm disp stats: 11.6 frames/s dropped=0 failed=0 present_mean=0.38ms (total consumed=299 dropped=0 failed=0)
nvkvm: DENY ctrl cmd 0x00730102 (not in allowlist / oversize)
nvkvm: DENY ctrl cmd 0x00730102 (not in allowlist / oversize)
nvkvm disp stats: 32.1 frames/s dropped=0 failed=0 present_mean=0.38ms (total consumed=344 dropped=0 failed=0)
nvkvm disp stats: 57.2 frames/s dropped=0 failed=0 present_mean=0.33ms (total consumed=402 dropped=0 failed=0)
nvkvm: DENY ctrl cmd 0x2080220b (not in allowlist / oversize)
nvkvm disp stats: 6.1 frames/s dropped=0 failed=0 present_mean=0.35ms (total consumed=433 dropped=0 failed=0)
nvkvm: DENY ctrl cmd 0x2080220b (not in allowlist / oversize)
nvkvm disp stats: 0.5 frames/s dropped=0 failed=0 present_mean=0.43ms (total consumed=434 dropped=0 failed=0)
nvkvm: DENY ctrl cmd 0x2080220b (not in allowlist / oversize)
nvkvm disp stats: 8.0 frames/s dropped=0 failed=0 present_mean=0.33ms (total consumed=442 dropped=0 failed=0)
nvkvm disp stats: 60.0 frames/s dropped=0 failed=0 present_mean=0.34ms (total consumed=503 dropped=0 failed=0)
nvkvm disp stats: 60.0 frames/s dropped=0 failed=0 present_mean=0.29ms (total consumed=564 dropped=0 failed=0)
nvkvm disp stats: 17.0 frames/s dropped=0 failed=0 present_mean=0.30ms (total consumed=587 dropped=0 failed=0)
nvkvm disp stats: 2.0 frames/s dropped=0 failed=0 present_mean=0.40ms (total consumed=589 dropped=0 failed=0)
nvkvm disp stats: 2.0 frames/s dropped=0 failed=0 present_mean=0.40ms (total consumed=592 dropped=0 failed=0)
nvkvm disp stats: 2.0 frames/s dropped=0 failed=0 present_mean=0.42ms (total consumed=595 dropped=0 failed=0)
nvkvm disp stats: 2.0 frames/s dropped=0 failed=0 present_mean=0.40ms (total consumed=598 dropped=0 failed=0)
nvkvm disp stats: 2.0 frames/s dropped=0 failed=0 present_mean=0.38ms (total consumed=600 dropped=0 failed=0)
nvkvm disp stats: 2.0 frames/s dropped=0 failed=0 present_mean=0.39ms (total consumed=603 dropped=0 failed=0)
nvkvm disp stats: 2.0 frames/s dropped=0 failed=0 present_mean=0.42ms (total consumed=605 dropped=0 failed=0)
nvkvm disp stats: 2.0 frames/s dropped=0 failed=0 present_mean=0.42ms (total consumed=608 dropped=0 failed=0)
nvkvm disp stats: 2.0 frames/s dropped=0 failed=0 present_mean=0.40ms (total consumed=611 dropped=0 failed=0)
nvkvm: DENY ctrl cmd 0x2080220b (not in allowlist / oversize)
nvkvm disp stats: 2.0 frames/s dropped=0 failed=0 present_mean=0.35ms (total consumed=613 dropped=0 failed=0)
nvkvm disp stats: 2.0 frames/s dropped=0 failed=0 present_mean=0.37ms (total consumed=616 dropped=0 failed=0)
nvkvm disp stats: 2.0 frames/s dropped=0 failed=0 present_mean=0.40ms (total consumed=618 dropped=0 failed=0)
nvkvm disp stats: 2.0 frames/s dropped=0 failed=0 present_mean=0.38ms (total consumed=621 dropped=0 failed=0)
nvkvm disp stats: 2.0 frames/s dropped=0 failed=0 present_mean=0.40ms (total consumed=624 dropped=0 failed=0)
nvkvm disp stats: 2.0 frames/s dropped=0 failed=0 present_mean=0.48ms (total consumed=626 dropped=0 failed=0)
nvkvm disp stats: 2.7 frames/s dropped=0 failed=0 present_mean=0.48ms (total consumed=630 dropped=0 failed=0)
nvkvm disp stats: 2.0 frames/s dropped=0 failed=0 present_mean=0.50ms (total consumed=632 dropped=0 failed=0)
nvkvm disp stats: 2.0 frames/s dropped=0 failed=0 present_mean=0.40ms (total consumed=635 dropped=0 failed=0)
nvkvm disp stats: 2.0 frames/s dropped=0 failed=0 present_mean=0.41ms (total consumed=637 dropped=0 failed=0)
nvkvm disp stats: 2.0 frames/s dropped=0 failed=0 present_mean=0.42ms (total consumed=639 dropped=0 failed=0)
nvkvm disp stats: 2.0 frames/s dropped=0 failed=0 present_mean=0.42ms (total consumed=642 dropped=0 failed=0)
nvkvm disp stats: 2.0 frames/s dropped=0 failed=0 present_mean=0.41ms (total consumed=645 dropped=0 failed=0)
nvkvm disp stats: 2.0 frames/s dropped=0 failed=0 present_mean=0.43ms (total consumed=648 dropped=0 failed=0)
nvkvm disp stats: 2.0 frames/s dropped=0 failed=0 present_mean=0.42ms (total consumed=650 dropped=0 failed=0)
nvkvm disp stats: 1.5 frames/s dropped=0 failed=0 present_mean=3.83ms (total consumed=653 dropped=0 failed=0)
nvkvm disp stats: 2.2 frames/s dropped=0 failed=0 present_mean=0.34ms (total consumed=657 dropped=0 failed=0)
nvkvm disp stats: 2.6 frames/s dropped=0 failed=0 present_mean=0.51ms (total consumed=661 dropped=0 failed=0)
nvkvm disp stats: 2.3 frames/s dropped=0 failed=0 present_mean=0.31ms (total consumed=664 dropped=0 failed=0)
nvkvm disp stats: 7.0 frames/s dropped=0 failed=0 present_mean=0.69ms (total consumed=674 dropped=0 failed=0)
nvkvm disp stats: 6.7 frames/s dropped=0 failed=0 present_mean=0.34ms (total consumed=682 dropped=0 failed=0)
nvkvm disp stats: 1.3 frames/s dropped=0 failed=0 present_mean=0.33ms (total consumed=684 dropped=0 failed=0)
nvkvm disp stats: 1.4 frames/s dropped=0 failed=0 present_mean=0.37ms (total consumed=686 dropped=0 failed=0)
nvkvm disp stats: 4.0 frames/s dropped=0 failed=0 present_mean=0.39ms (total consumed=690 dropped=0 failed=0)
nvkvm disp stats: 8.9 frames/s dropped=0 failed=0 present_mean=0.40ms (total consumed=699 dropped=0 failed=0)
nvkvm: DENY ctrl cmd 0x00730102 (not in allowlist / oversize)
nvkvm: DENY ctrl cmd 0x00730102 (not in allowlist / oversize)
nvkvm disp stats: 0.3 frames/s dropped=0 failed=0 present_mean=1.60ms (total consumed=706 dropped=0 failed=0)
nvkvm disp stats: 0.2 frames/s dropped=0 failed=0 present_mean=0.39ms (total consumed=708 dropped=0 failed=0)
